═══ cache ═══
putnami cache

Global Options:
  Common: --verbose, --debug, --watch, --plan, --help
  Project Selection: --all, --impacted, --projects, --tag, --exclude-tag, --exclude, --baseline, --impacted-strict
  Execution: --where, --providers, --credential-fd, --no-cache, --no-cache-projects, --cache-trust, --continue-on-error, --max-parallel, --resource, --cpu-policy, --retry, --retry-failed, --profile, --dry-run
  Output: --output, --json, --quiet, --color, --no-color
  Advanced: --trace-profile

═══ change-plan ═══
putnami change-plan

Emit a deterministic admission plan of the CI quality gate for the exact commit delta from --base to the checked-out HEAD. The worktree must be clean and --base must be a HEAD ancestor, so Cloud can recompute the document's digest from immutable repository state. Source contents, environment values, secrets, command arguments, and output paths are never emitted

Usage:
  putnami change-plan --base <commit> [--head <commit>] [--no-cache] [--output <format>]

Command Flags:
  --base <commit>              Required base commit or ref; emitted as its full immutable commit SHA
  --head <commit>              Optional head commit or ref; it must resolve to the checked-out HEAD

Examples:
  putnami change-plan --base origin/main --output=json
  putnami change-plan --base 0123456789abcdef0123456789abcdef01234567 --no-cache --output=jsonl

Global Options:
  Common: --verbose, --debug, --watch, --plan, --help
  Project Selection: --all, --impacted, --projects, --tag, --exclude-tag, --exclude, --baseline, --impacted-strict
  Execution: --where, --providers, --credential-fd, --no-cache, --no-cache-projects, --cache-trust, --continue-on-error, --max-parallel, --resource, --cpu-policy, --retry, --retry-failed, --profile, --dry-run
  Output: --output, --json, --quiet, --color, --no-color
  Advanced: --trace-profile

Related Commands:
  putnami sessions inspect
  putnami projects list
  putnami doctor

═══ channel ═══
putnami channel

Move a channel to a release set that already exists, and report the head each registry has applied. Both are metadata operations: they publish nothing, build nothing, and check nothing out

Usage:
  putnami channel <set|status>

Examples:
  putnami channel set latest --from canary
  putnami channel status latest --wait 2m

Global Options:
  Common: --verbose, --debug, --watch, --plan, --help
  Project Selection: --all, --impacted, --projects, --tag, --exclude-tag, --exclude, --baseline, --impacted-strict
  Execution: --where, --providers, --credential-fd, --no-cache, --no-cache-projects, --cache-trust, --continue-on-error, --max-parallel, --resource, --cpu-policy, --retry, --retry-failed, --profile, --dry-run
  Output: --output, --json, --quiet, --color, --no-color
  Advanced: --trace-profile

Related Commands:
  putnami channel set
  putnami channel status
  putnami ci validate

═══ ci ═══
putnami ci

Strictly validate putnami.ci.json, resolve its command references against discovered workspace jobs, refuse distribution and envs without an installed release-set provider, and report its canonical digest without contacting Putnami Cloud

Usage:
  putnami ci validate [--output <format>]

Examples:
  putnami ci validate
  putnami ci validate --output=json

Global Options:
  Common: --verbose, --debug, --watch, --plan, --help
  Project Selection: --all, --impacted, --projects, --tag, --exclude-tag, --exclude, --baseline, --impacted-strict
  Execution: --where, --providers, --credential-fd, --no-cache, --no-cache-projects, --cache-trust, --continue-on-error, --max-parallel, --resource, --cpu-policy, --retry, --retry-failed, --profile, --dry-run
  Output: --output, --json, --quiet, --color, --no-color
  Advanced: --trace-profile

Related Commands:
  putnami ci validate
  putnami ci explain
  putnami change-plan

═══ completion ═══
putnami completion

Generate a shell completion script for bash, zsh, or fish; source it or install it where the shell looks for completions

Usage:
  putnami completion <bash|zsh|fish>

Examples:
  putnami completion bash
  putnami completion zsh
  putnami completion fish

Global Options:
  Common: --verbose, --debug, --watch, --plan, --help
  Project Selection: --all, --impacted, --projects, --tag, --exclude-tag, --exclude, --baseline, --impacted-strict
  Execution: --where, --providers, --credential-fd, --no-cache, --no-cache-projects, --cache-trust, --continue-on-error, --max-parallel, --resource, --cpu-policy, --retry, --retry-failed, --profile, --dry-run
  Output: --output, --json, --quiet, --color, --no-color
  Advanced: --trace-profile

═══ compose ═══
putnami compose

Start the selected workload and the transitive closure of its runsWith projects in one invocation. Every process binds an ephemeral port and answers behind a local reverse proxy whose URL stays stable across restarts; dependency URLs travel through the clients config block and databases declared in infra/requirements.json are provisioned per composition. Dependencies run production-mode without watch; the target watches by default. Stops every owned process, proxy and database on exit; the next invocation reaps what an ungraceful death left behind

Usage:
  putnami compose <project> [--port <n>] [--no-watch] [--ready-timeout <duration>] [--output <format>]

Command Flags:
  --port <n>                   Proxy port of the target; default options.serve.port then 3000; 0 picks an ephemeral port
  --no-watch                   Run the target production-mode without watch, like its dependencies
  --ready-timeout <duration>   Deadline for each member's typed ready event; default 60s

Examples:
  putnami compose @example/go-items-consumer
  putnami compose /typescript/samples/06-database --port 0 --output=json

Global Options:
  Common: --verbose, --debug, --watch, --plan, --help
  Project Selection: --all, --impacted, --projects, --tag, --exclude-tag, --exclude, --baseline, --impacted-strict
  Execution: --where, --providers, --credential-fd, --no-cache, --no-cache-projects, --cache-trust, --continue-on-error, --max-parallel, --resource, --cpu-policy, --retry, --retry-failed, --profile, --dry-run
  Output: --output, --json, --quiet, --color, --no-color
  Advanced: --trace-profile

Related Commands:
  putnami serve
  putnami qualify

═══ config ═══
putnami config

Global Options:
  Common: --verbose, --debug, --watch, --plan, --help
  Project Selection: --all, --impacted, --projects, --tag, --exclude-tag, --exclude, --baseline, --impacted-strict
  Execution: --where, --providers, --credential-fd, --no-cache, --no-cache-projects, --cache-trust, --continue-on-error, --max-parallel, --resource, --cpu-policy, --retry, --retry-failed, --profile, --dry-run
  Output: --output, --json, --quiet, --color, --no-color
  Advanced: --trace-profile

═══ context ═══
putnami context

Global Options:
  Common: --verbose, --debug, --watch, --plan, --help
  Project Selection: --all, --impacted, --projects, --tag, --exclude-tag, --exclude, --baseline, --impacted-strict
  Execution: --where, --providers, --credential-fd, --no-cache, --no-cache-projects, --cache-trust, --continue-on-error, --max-parallel, --resource, --cpu-policy, --retry, --retry-failed, --profile, --dry-run
  Output: --output, --json, --quiet, --color, --no-color
  Advanced: --trace-profile

═══ deps ═══
putnami deps

Global Options:
  Common: --verbose, --debug, --watch, --plan, --help
  Project Selection: --all, --impacted, --projects, --tag, --exclude-tag, --exclude, --baseline, --impacted-strict
  Execution: --where, --providers, --credential-fd, --no-cache, --no-cache-projects, --cache-trust, --continue-on-error, --max-parallel, --resource, --cpu-policy, --retry, --retry-failed, --profile, --dry-run
  Output: --output, --json, --quiet, --color, --no-color
  Advanced: --trace-profile

═══ dev ═══
putnami dev

Global Options:
  Common: --verbose, --debug, --watch, --plan, --help
  Project Selection: --all, --impacted, --projects, --tag, --exclude-tag, --exclude, --baseline, --impacted-strict
  Execution: --where, --providers, --credential-fd, --no-cache, --no-cache-projects, --cache-trust, --continue-on-error, --max-parallel, --resource, --cpu-policy, --retry, --retry-failed, --profile, --dry-run
  Output: --output, --json, --quiet, --color, --no-color
  Advanced: --trace-profile

═══ doctor ═══
putnami doctor

Run a read-only production-readiness preflight over the selected projects: derives production-safety findings (incomplete capabilities, missing required config, invalid committed schemas, config shadowing) from committed manifests and grades them by deployment profile. Under --profile production a high/critical finding fails with exit 2; dev/test stay advisory. Config values are never read or emitted

Usage:
  putnami doctor [--profile <dev|test|production>] [--project <selector>] [--output <format>]

Command Flags:
  --profile <profile>          Deployment profile to evaluate under (dev|test|production); production is strictest
  --project <selector>         Project ID, path, or name (comma-separated); default is every workspace project

Examples:
  putnami doctor
  putnami doctor --profile production
  putnami doctor --profile production --project /tooling/cli
  putnami doctor --profile production --output=jsonl

Global Options:
  Common: --verbose, --debug, --watch, --plan, --help
  Project Selection: --all, --impacted, --projects, --tag, --exclude-tag, --exclude, --baseline, --impacted-strict
  Execution: --where, --providers, --credential-fd, --no-cache, --no-cache-projects, --cache-trust, --continue-on-error, --max-parallel, --resource, --cpu-policy, --retry, --retry-failed, --profile, --dry-run
  Output: --output, --json, --quiet, --color, --no-color
  Advanced: --trace-profile

Related Commands:
  putnami infra plan
  putnami config show
  putnami workspace describe

═══ extensions ═══
putnami extensions

Global Options:
  Common: --verbose, --debug, --watch, --plan, --help
  Project Selection: --all, --impacted, --projects, --tag, --exclude-tag, --exclude, --baseline, --impacted-strict
  Execution: --where, --providers, --credential-fd, --no-cache, --no-cache-projects, --cache-trust, --continue-on-error, --max-parallel, --resource, --cpu-policy, --retry, --retry-failed, --profile, --dry-run
  Output: --output, --json, --quiet, --color, --no-color
  Advanced: --trace-profile

═══ help ═══
putnami help

Show help for putnami, for one command, or for the whole CLI in man or Markdown format

Usage:
  putnami help [<command>] [<subcommand>] [--man] [--markdown]

Command Flags:
  --man                        Render the full reference as a man page
  --markdown                   Render the full reference as Markdown

Examples:
  putnami help
  putnami help projects list
  putnami help --man
  putnami help --markdown

Global Options:
  Common: --verbose, --debug, --watch, --plan, --help
  Project Selection: --all, --impacted, --projects, --tag, --exclude-tag, --exclude, --baseline, --impacted-strict
  Execution: --where, --providers, --credential-fd, --no-cache, --no-cache-projects, --cache-trust, --continue-on-error, --max-parallel, --resource, --cpu-policy, --retry, --retry-failed, --profile, --dry-run
  Output: --output, --json, --quiet, --color, --no-color
  Advanced: --trace-profile

═══ infra ═══
putnami infra

Show the aggregated infrastructure plan inferred from project descriptors

Usage:
  putnami infra plan [--output <format>]

Examples:
  putnami infra plan
  putnami infra plan --output=jsonl

Global Options:
  Common: --verbose, --debug, --watch, --plan, --help
  Project Selection: --all, --impacted, --projects, --tag, --exclude-tag, --exclude, --baseline, --impacted-strict
  Execution: --where, --providers, --credential-fd, --no-cache, --no-cache-projects, --cache-trust, --continue-on-error, --max-parallel, --resource, --cpu-policy, --retry, --retry-failed, --profile, --dry-run
  Output: --output, --json, --quiet, --color, --no-color
  Advanced: --trace-profile

Related Commands:
  putnami infra plan
  putnami workspace describe
  putnami projects list

═══ init ═══
putnami init

Initialize a new workspace

Usage:
  putnami init [--workspace <name>] [--extension <ts|go|py>] [--project <name>] [--project-path <path>] [--channel <channel>] [--force]

Command Flags:
  --workspace <name>           Workspace name override
  --extension <ts|go|py>       Default extension to install
  --project <name>             Create an initial project
  --project-path <path>        Workspace-relative path for the initial project
  --channel <channel>          Resolve the extensions, the template and the starter dependencies on one release channel (default: PUTNAMI_CHANNEL, then the channel the CLI was installed from, then latest)
  --force                      Reinitialize an existing workspace

Examples:
  putnami init
  putnami init --project my-app
  putnami init --project my-app --project-path apps/my-app
  putnami init --project my-app --channel canary

Global Options:
  Common: --verbose, --debug, --watch, --plan, --help
  Project Selection: --all, --impacted, --projects, --tag, --exclude-tag, --exclude, --baseline, --impacted-strict
  Execution: --where, --providers, --credential-fd, --no-cache, --no-cache-projects, --cache-trust, --continue-on-error, --max-parallel, --resource, --cpu-policy, --retry, --retry-failed, --profile, --dry-run
  Output: --output, --json, --quiet, --color, --no-color
  Advanced: --trace-profile

═══ install ═══
putnami install

Run workspace-level installation: extensions, templates (if configured), and dependencies

Usage:
  putnami install [--latest]

Command Flags:
  --latest                     Ignore the lock file and resolve the latest extension and template versions

Examples:
  putnami install

Global Options:
  Common: --verbose, --debug, --watch, --plan, --help
  Project Selection: --all, --impacted, --projects, --tag, --exclude-tag, --exclude, --baseline, --impacted-strict
  Execution: --where, --providers, --credential-fd, --no-cache, --no-cache-projects, --cache-trust, --continue-on-error, --max-parallel, --resource, --cpu-policy, --retry, --retry-failed, --profile, --dry-run
  Output: --output, --json, --quiet, --color, --no-color
  Advanced: --trace-profile

Related Commands:
  putnami extensions install
  putnami deps install

═══ mcp ═══
putnami mcp

Run the Model Context Protocol server over stdio so an AI agent harness can discover projects, context, ownership, impact, plans, and diagnostics through 11 typed core tools (list_projects, describe_project, agent_context, workspace_map, deps, find_owner, why_impacted, topo_sort, impacted, run_jobs, get_diagnostics) and the workspace://context resource. All except run_jobs are read-only; run_jobs is the only mutating core tool, supports dry-run planning, and refuses long-lived or externally mutating execution. Spawned by the client; speaks JSON-RPC 2.0 on stdin/stdout and exits with the session. Before it serves, it brings the workspace's agent workflows to the version the lock pins, from the local artifact store only, and reports what it cannot reconcile as a warning on stderr. Optional request provenance is disabled by default; set PUTNAMI_AGENT_IDENTITY=1 and explicitly set PUTNAMI_AGENT_MODEL in the MCP server environment to propagate bounded harness/model headers.

Usage:
  putnami mcp [install]

Examples:
  putnami mcp
  putnami mcp install

Global Options:
  Common: --verbose, --debug, --watch, --plan, --help
  Project Selection: --all, --impacted, --projects, --tag, --exclude-tag, --exclude, --baseline, --impacted-strict
  Execution: --where, --providers, --credential-fd, --no-cache, --no-cache-projects, --cache-trust, --continue-on-error, --max-parallel, --resource, --cpu-policy, --retry, --retry-failed, --profile, --dry-run
  Output: --output, --json, --quiet, --color, --no-color
  Advanced: --trace-profile

Related Commands:
  putnami mcp install
  putnami projects list

═══ migrate ═══
putnami migrate

Global Options:
  Common: --verbose, --debug, --watch, --plan, --help
  Project Selection: --all, --impacted, --projects, --tag, --exclude-tag, --exclude, --baseline, --impacted-strict
  Execution: --where, --providers, --credential-fd, --no-cache, --no-cache-projects, --cache-trust, --continue-on-error, --max-parallel, --resource, --cpu-policy, --retry, --retry-failed, --profile, --dry-run
  Output: --output, --json, --quiet, --color, --no-color
  Advanced: --trace-profile

═══ pin ═══
putnami pin

Pin the putnami CLI version this workspace uses, recording its per-platform digest in putnami.lock.json so `putnami` resolves and verifies the exact binary

Usage:
  putnami pin [<version>] [--remove]

Command Flags:
  --remove                     Remove the CLI version pin

Examples:
  putnami pin 1.2.3
  putnami pin
  putnami pin --remove

Global Options:
  Common: --verbose, --debug, --watch, --plan, --help
  Project Selection: --all, --impacted, --projects, --tag, --exclude-tag, --exclude, --baseline, --impacted-strict
  Execution: --where, --providers, --credential-fd, --no-cache, --no-cache-projects, --cache-trust, --continue-on-error, --max-parallel, --resource, --cpu-policy, --retry, --retry-failed, --profile, --dry-run
  Output: --output, --json, --quiet, --color, --no-color
  Advanced: --trace-profile

Related Commands:
  putnami upgrade
  putnami version get

═══ projects ═══
putnami projects

Global Options:
  Common: --verbose, --debug, --watch, --plan, --help
  Project Selection: --all, --impacted, --projects, --tag, --exclude-tag, --exclude, --baseline, --impacted-strict
  Execution: --where, --providers, --credential-fd, --no-cache, --no-cache-projects, --cache-trust, --continue-on-error, --max-parallel, --resource, --cpu-policy, --retry, --retry-failed, --profile, --dry-run
  Output: --output, --json, --quiet, --color, --no-color
  Advanced: --trace-profile

═══ qualify ═══
putnami qualify

Derive the smoke contract from the workload's route inventory, execute it against --target (local composes the workload with compose; a URL is any deployed environment), and print one verdict bound to the tested tree or to the deployed sha. Fails closed: unsupported, not_run, timed_out, canceled, target_unreachable, digest_mismatch and composition_failed are distinct from passed and exit non-zero

Usage:
  putnami qualify <project> --target <local|url> [--expect-sha <sha>] [--platform-prefix <path>] [--ready-timeout <duration>] [--request-timeout <duration>] [--print-contract] [--output <format>]

Command Flags:
  --target <local|url>         local composes the workload on this machine; an http(s) URL is a running deployment
  --expect-sha <sha>           Required with a URL target: the git sha the deployment must report on /version
  --platform-prefix <path>     Prefix under which /readyz and /version are mounted; setting it makes local readiness poll <path>/readyz instead of waiting for the startup claim; default: where the route inventory declares both, else the root
  --ready-timeout <duration>   Deadline for readiness; default 60s
  --request-timeout <duration> Deadline per smoke request; default 5s
  --print-contract             Print the derived contract and exit without a target

Examples:
  putnami qualify /go/samples/migrations-feature --target local
  putnami qualify @example/06-database --target https://pr-123.preview.example --expect-sha 3cc91b658
  putnami qualify /go/samples/migrations-feature --print-contract --output=json

Global Options:
  Common: --verbose, --debug, --watch, --plan, --help
  Project Selection: --all, --impacted, --projects, --tag, --exclude-tag, --exclude, --baseline, --impacted-strict
  Execution: --where, --providers, --credential-fd, --no-cache, --no-cache-projects, --cache-trust, --continue-on-error, --max-parallel, --resource, --cpu-policy, --retry, --retry-failed, --profile, --dry-run
  Output: --output, --json, --quiet, --color, --no-color
  Advanced: --trace-profile

Related Commands:
  putnami compose
  putnami tree fingerprint

═══ report ═══
putnami report

Print the bounded synthesis a finished run recorded under .putnami/reports: the newest CLI-driven run's by default, or the one named by --session. With --output=json the recorded document is printed as-is, unwrapped, because it is the contract a consumer binds to. An interrupted run records no report, so a consumer that files a report against a commit verifies its git.sha rather than trusting recency

Usage:
  putnami report [--session <id>] [--output <format>]

Command Flags:
  --session <id>               Report to read, by session ID (default: the newest CLI-driven run's)

Examples:
  putnami report
  putnami report --session 20260723-002049-9108d9
  putnami report --output=json

Global Options:
  Common: --verbose, --debug, --watch, --plan, --help
  Project Selection: --all, --impacted, --projects, --tag, --exclude-tag, --exclude, --baseline, --impacted-strict
  Execution: --where, --providers, --credential-fd, --no-cache, --no-cache-projects, --cache-trust, --continue-on-error, --max-parallel, --resource, --cpu-policy, --retry, --retry-failed, --profile, --dry-run
  Output: --output, --json, --quiet, --color, --no-color
  Advanced: --trace-profile

Related Commands:
  putnami sessions list
  putnami sessions inspect

═══ scopes ═══
putnami scopes

List workspace scopes with their projects, groups, and tags

Usage:
  putnami scopes list [--output <format>]

Examples:
  putnami scopes list
  putnami scopes list --output=jsonl

Global Options:
  Common: --verbose, --debug, --watch, --plan, --help
  Project Selection: --all, --impacted, --projects, --tag, --exclude-tag, --exclude, --baseline, --impacted-strict
  Execution: --where, --providers, --credential-fd, --no-cache, --no-cache-projects, --cache-trust, --continue-on-error, --max-parallel, --resource, --cpu-policy, --retry, --retry-failed, --profile, --dry-run
  Output: --output, --json, --quiet, --color, --no-color
  Advanced: --trace-profile

Related Commands:
  putnami scopes list
  putnami projects list
  putnami workspace describe

═══ sessions ═══
putnami sessions

Global Options:
  Common: --verbose, --debug, --watch, --plan, --help
  Project Selection: --all, --impacted, --projects, --tag, --exclude-tag, --exclude, --baseline, --impacted-strict
  Execution: --where, --providers, --credential-fd, --no-cache, --no-cache-projects, --cache-trust, --continue-on-error, --max-parallel, --resource, --cpu-policy, --retry, --retry-failed, --profile, --dry-run
  Output: --output, --json, --quiet, --color, --no-color
  Advanced: --trace-profile

═══ telemetry ═══
putnami telemetry

Global Options:
  Common: --verbose, --debug, --watch, --plan, --help
  Project Selection: --all, --impacted, --projects, --tag, --exclude-tag, --exclude, --baseline, --impacted-strict
  Execution: --where, --providers, --credential-fd, --no-cache, --no-cache-projects, --cache-trust, --continue-on-error, --max-parallel, --resource, --cpu-policy, --retry, --retry-failed, --profile, --dry-run
  Output: --output, --json, --quiet, --color, --no-color
  Advanced: --trace-profile

═══ templates ═══
putnami templates

Global Options:
  Common: --verbose, --debug, --watch, --plan, --help
  Project Selection: --all, --impacted, --projects, --tag, --exclude-tag, --exclude, --baseline, --impacted-strict
  Execution: --where, --providers, --credential-fd, --no-cache, --no-cache-projects, --cache-trust, --continue-on-error, --max-parallel, --resource, --cpu-policy, --retry, --retry-failed, --profile, --dry-run
  Output: --output, --json, --quiet, --color, --no-color
  Advanced: --trace-profile

═══ tree ═══
putnami tree

Global Options:
  Common: --verbose, --debug, --watch, --plan, --help
  Project Selection: --all, --impacted, --projects, --tag, --exclude-tag, --exclude, --baseline, --impacted-strict
  Execution: --where, --providers, --credential-fd, --no-cache, --no-cache-projects, --cache-trust, --continue-on-error, --max-parallel, --resource, --cpu-policy, --retry, --retry-failed, --profile, --dry-run
  Output: --output, --json, --quiet, --color, --no-color
  Advanced: --trace-profile

═══ upgrade ═══
putnami upgrade

Upgrade the CLI, extensions, templates, and framework dependencies in one command; a channel resolves on each ecosystem's own registry

Usage:
  putnami upgrade [--global] [--cli] [--extensions] [--deps] [--channel <stable|canary>] [--release <rs_id> --namespace <namespace>] [--version <version>] [--from-source] [--dry-run]

Command Flags:
  --global                     Upgrade the global CLI in ~/.putnami/bin instead of the workspace pin; inside a workspace the other phases still run, outside one only the CLI is upgraded (alias: -g)
  --cli                        Only upgrade the CLI binary
  --extensions                 Only upgrade extensions and templates
  --deps                       Only upgrade framework dependencies
  --channel <channel>          Resolve a release channel (stable by default; canary for latest prerelease)
  --release <rs_id>            Use one immutable release-set snapshot for npm and Go dependencies (needs --namespace)
  --namespace <namespace>      Release-set namespace that published the --release id; accepted only with --release
  --version <version>          Use an exact Putnami release version
  --from-source                Build the CLI from this workspace's source and install it as the active binary, bypassing the download channel (self-host escape hatch; combine with --global to replace the global CLI)
  --dry-run                    Resolve and print the upgrade plan without modifying files

Examples:
  putnami upgrade
  putnami upgrade --global
  putnami upgrade --channel canary
  putnami upgrade --release rs_<64-lowercase-hex> --namespace putnami
  putnami upgrade --deps --version 1.2.3
  putnami upgrade --from-source --global

Global Options:
  Common: --verbose, --debug, --watch, --plan, --help
  Project Selection: --all, --impacted, --projects, --tag, --exclude-tag, --exclude, --baseline, --impacted-strict
  Execution: --where, --providers, --credential-fd, --no-cache, --no-cache-projects, --cache-trust, --continue-on-error, --max-parallel, --resource, --cpu-policy, --retry, --retry-failed, --profile, --dry-run
  Output: --output, --json, --quiet, --color, --no-color
  Advanced: --trace-profile

Related Commands:
  putnami extensions update
  putnami deps install

═══ version ═══
putnami version

Show the version each line is at (get), release a line (tag), and manage the installed CLI binaries (list/use)

Usage:
  putnami version <get|tag|list|use>

Examples:
  putnami version get
  putnami version tag --scope typescript --dry-run
  putnami version tag --scope tooling --yes --push
  putnami version list --global
  putnami version use go-dev

Global Options:
  Common: --verbose, --debug, --watch, --plan, --help
  Project Selection: --all, --impacted, --projects, --tag, --exclude-tag, --exclude, --baseline, --impacted-strict
  Execution: --where, --providers, --credential-fd, --no-cache, --no-cache-projects, --cache-trust, --continue-on-error, --max-parallel, --resource, --cpu-policy, --retry, --retry-failed, --profile, --dry-run
  Output: --output, --json, --quiet, --color, --no-color
  Advanced: --trace-profile

═══ workspace ═══
putnami workspace

Global Options:
  Common: --verbose, --debug, --watch, --plan, --help
  Project Selection: --all, --impacted, --projects, --tag, --exclude-tag, --exclude, --baseline, --impacted-strict
  Execution: --where, --providers, --credential-fd, --no-cache, --no-cache-projects, --cache-trust, --continue-on-error, --max-parallel, --resource, --cpu-policy, --retry, --retry-failed, --profile, --dry-run
  Output: --output, --json, --quiet, --color, --no-color
  Advanced: --trace-profile

═══ architecture inspect ═══
putnami architecture inspect

Global Options:
  Common: --verbose, --debug, --watch, --plan, --help
  Project Selection: --all, --impacted, --projects, --tag, --exclude-tag, --exclude, --baseline, --impacted-strict
  Execution: --where, --providers, --credential-fd, --no-cache, --no-cache-projects, --cache-trust, --continue-on-error, --max-parallel, --resource, --cpu-policy, --retry, --retry-failed, --profile, --dry-run
  Output: --output, --json, --quiet, --color, --no-color
  Advanced: --trace-profile

═══ architecture snapshot ═══
putnami architecture snapshot

Global Options:
  Common: --verbose, --debug, --watch, --plan, --help
  Project Selection: --all, --impacted, --projects, --tag, --exclude-tag, --exclude, --baseline, --impacted-strict
  Execution: --where, --providers, --credential-fd, --no-cache, --no-cache-projects, --cache-trust, --continue-on-error, --max-parallel, --resource, --cpu-policy, --retry, --retry-failed, --profile, --dry-run
  Output: --output, --json, --quiet, --color, --no-color
  Advanced: --trace-profile

═══ architecture validate ═══
putnami architecture validate

Global Options:
  Common: --verbose, --debug, --watch, --plan, --help
  Project Selection: --all, --impacted, --projects, --tag, --exclude-tag, --exclude, --baseline, --impacted-strict
  Execution: --where, --providers, --credential-fd, --no-cache, --no-cache-projects, --cache-trust, --continue-on-error, --max-parallel, --resource, --cpu-policy, --retry, --retry-failed, --profile, --dry-run
  Output: --output, --json, --quiet, --color, --no-color
  Advanced: --trace-profile

═══ cache clean ═══
putnami cache clean

Delete cached build artifacts from this repo's shared store (affects all worktrees of the repo); --all clears every repo's store

Usage:
  putnami cache clean [--all]

Examples:
  putnami cache clean
  putnami cache clean --all

Global Options:
  Common: --verbose, --debug, --watch, --plan, --help
  Project Selection: --all, --impacted, --projects, --tag, --exclude-tag, --exclude, --baseline, --impacted-strict
  Execution: --where, --providers, --credential-fd, --no-cache, --no-cache-projects, --cache-trust, --continue-on-error, --max-parallel, --resource, --cpu-policy, --retry, --retry-failed, --profile, --dry-run
  Output: --output, --json, --quiet, --color, --no-color
  Advanced: --trace-profile

Related Commands:
  putnami build
  putnami test

═══ cache gc ═══
putnami cache gc

Garbage-collect the machine-global build, Go, Bun, and binary stores down to their byte budgets

Usage:
  putnami cache gc

Examples:
  putnami cache gc

Global Options:
  Common: --verbose, --debug, --watch, --plan, --help
  Project Selection: --all, --impacted, --projects, --tag, --exclude-tag, --exclude, --baseline, --impacted-strict
  Execution: --where, --providers, --credential-fd, --no-cache, --no-cache-projects, --cache-trust, --continue-on-error, --max-parallel, --resource, --cpu-policy, --retry, --retry-failed, --profile, --dry-run
  Output: --output, --json, --quiet, --color, --no-color
  Advanced: --trace-profile

═══ cache verify ═══
putnami cache verify

Run lint, test, and build twice in isolated worktrees, compare cache keys and captured artifacts, restore the first run into a pristine tree, and fail on undeclared writes or live-versus-hit differences; declared ambient key inputs are reported without failing

Usage:
  putnami cache verify [--projects <selector> | --impacted | --all] [--output <format>]

Examples:
  putnami cache verify --projects /my/project
  putnami cache verify --all --output=jsonl

Global Options:
  Common: --verbose, --debug, --watch, --plan, --help
  Project Selection: --all, --impacted, --projects, --tag, --exclude-tag, --exclude, --baseline, --impacted-strict
  Execution: --where, --providers, --credential-fd, --no-cache, --no-cache-projects, --cache-trust, --continue-on-error, --max-parallel, --resource, --cpu-policy, --retry, --retry-failed, --profile, --dry-run
  Output: --output, --json, --quiet, --color, --no-color
  Advanced: --trace-profile

Related Commands:
  putnami cache clean
  putnami build
  putnami test
  putnami lint

═══ channel set ═══
putnami channel set

Point a channel at a release set that already exists, taken from another channel or named by its immutable id. Promotion and rollback are this one command: no publisher runs, no artifact is uploaded, and the move is compare-and-swapped against the channel's current head

Usage:
  putnami channel set <channel> --from <channel|rs_id> [--expected <rs_id>]

Command Flags:
  --from <channel|rs_id>       The channel whose head is re-released, or the immutable release-set id to point at
  --expected <rs_id>           The id the channel must currently name; without it the channel's current head is read and used

Examples:
  putnami channel set latest --from canary
  putnami channel set latest --from rs_<64-lowercase-hex>
  putnami channel set canary --from ts-v0.3.0 --expected rs_<64-lowercase-hex>

Global Options:
  Common: --verbose, --debug, --watch, --plan, --help
  Project Selection: --all, --impacted, --projects, --tag, --exclude-tag, --exclude, --baseline, --impacted-strict
  Execution: --where, --providers, --credential-fd, --no-cache, --no-cache-projects, --cache-trust, --continue-on-error, --max-parallel, --resource, --cpu-policy, --retry, --retry-failed, --profile, --dry-run
  Output: --output, --json, --quiet, --color, --no-color
  Advanced: --trace-profile

Related Commands:
  putnami channel status
  putnami ci validate

═══ channel status ═══
putnami channel status

Report a channel's accepted head and the generation each registry has applied. It exits non-zero while any registry is behind, so a pipeline waits for the channel to be served instead of assuming it

Usage:
  putnami channel status <channel> [--wait <duration>]

Command Flags:
  --wait <duration>            Poll every 2s until every registry has applied the accepted head, or this Go duration elapses

Examples:
  putnami channel status latest
  putnami channel status canary --wait 2m

Global Options:
  Common: --verbose, --debug, --watch, --plan, --help
  Project Selection: --all, --impacted, --projects, --tag, --exclude-tag, --exclude, --baseline, --impacted-strict
  Execution: --where, --providers, --credential-fd, --no-cache, --no-cache-projects, --cache-trust, --continue-on-error, --max-parallel, --resource, --cpu-policy, --retry, --retry-failed, --profile, --dry-run
  Output: --output, --json, --quiet, --color, --no-color
  Advanced: --trace-profile

Related Commands:
  putnami channel set
  putnami ci explain

═══ ci explain ═══
putnami ci explain

Evaluate ordered rules locally and report the commands and flags the run executes, the matching rule or the implicit tag convention, the channels a publish advances, and the environments that follow each of them. Trust, entitlements, secrets, and remote authorization remain explicitly unresolved

Usage:
  putnami ci explain --event <push|tag|pull_request> [--branch <branch>] [--tag <tag>] [--pr <number>] [--output <format>]

Command Flags:
  --event <push|tag|pull_request> Normalized Source event assumption
  --branch <branch>            Updated push branch or pull-request head branch
  --tag <tag>                  Created tag, for --event tag
  --pr <number>                Pull-request number used to render the closed channel placeholder

Examples:
  putnami ci explain --event push --branch main --output=json
  putnami ci explain --event tag --tag ts/v0.3.0
  putnami ci explain --event pull_request --branch feature/x --pr 42

Global Options:
  Common: --verbose, --debug, --watch, --plan, --help
  Project Selection: --all, --impacted, --projects, --tag, --exclude-tag, --exclude, --baseline, --impacted-strict
  Execution: --where, --providers, --credential-fd, --no-cache, --no-cache-projects, --cache-trust, --continue-on-error, --max-parallel, --resource, --cpu-policy, --retry, --retry-failed, --profile, --dry-run
  Output: --output, --json, --quiet, --color, --no-color
  Advanced: --trace-profile

Related Commands:
  putnami ci validate
  putnami ci fmt
  putnami change-plan

═══ ci fmt ═══
putnami ci fmt

Validate and canonicalize putnami.ci.json while preserving semantic rule order; --check is read-only and fails when bytes differ

Usage:
  putnami ci fmt [--check] [--output <format>]

Command Flags:
  --check                      Check canonical formatting without writing

Examples:
  putnami ci fmt
  putnami ci fmt --check

Global Options:
  Common: --verbose, --debug, --watch, --plan, --help
  Project Selection: --all, --impacted, --projects, --tag, --exclude-tag, --exclude, --baseline, --impacted-strict
  Execution: --where, --providers, --credential-fd, --no-cache, --no-cache-projects, --cache-trust, --continue-on-error, --max-parallel, --resource, --cpu-policy, --retry, --retry-failed, --profile, --dry-run
  Output: --output, --json, --quiet, --color, --no-color
  Advanced: --trace-profile

Related Commands:
  putnami ci validate
  putnami ci explain

═══ ci init ═══
putnami ci init

Create putnami.ci.json beside putnami.workspace.json using discovered framework graph jobs, with no distribution and no environment, so it requests no publish or deploy authority

Usage:
  putnami ci init [--force] [--output <format>]

Command Flags:
  --force                      Replace an existing putnami.ci.json

Examples:
  putnami ci init
  putnami ci init --output=json

Global Options:
  Common: --verbose, --debug, --watch, --plan, --help
  Project Selection: --all, --impacted, --projects, --tag, --exclude-tag, --exclude, --baseline, --impacted-strict
  Execution: --where, --providers, --credential-fd, --no-cache, --no-cache-projects, --cache-trust, --continue-on-error, --max-parallel, --resource, --cpu-policy, --retry, --retry-failed, --profile, --dry-run
  Output: --output, --json, --quiet, --color, --no-color
  Advanced: --trace-profile

Related Commands:
  putnami ci validate
  putnami ci fmt
  putnami ci explain

═══ ci validate ═══
putnami ci validate

Strictly validate putnami.ci.json, resolve its command references against discovered workspace jobs, refuse distribution and envs without an installed release-set provider, and report its canonical digest without contacting Putnami Cloud

Usage:
  putnami ci validate [--output <format>]

Examples:
  putnami ci validate
  putnami ci validate --output=json

Global Options:
  Common: --verbose, --debug, --watch, --plan, --help
  Project Selection: --all, --impacted, --projects, --tag, --exclude-tag, --exclude, --baseline, --impacted-strict
  Execution: --where, --providers, --credential-fd, --no-cache, --no-cache-projects, --cache-trust, --continue-on-error, --max-parallel, --resource, --cpu-policy, --retry, --retry-failed, --profile, --dry-run
  Output: --output, --json, --quiet, --color, --no-color
  Advanced: --trace-profile

Related Commands:
  putnami ci fmt
  putnami ci explain
  putnami change-plan

═══ config set ═══
putnami config set

Set a configuration value in the workspace config

Usage:
  putnami config set <key> <value>

Examples:
  putnami config set maxParallel 4

Global Options:
  Common: --verbose, --debug, --watch, --plan, --help
  Project Selection: --all, --impacted, --projects, --tag, --exclude-tag, --exclude, --baseline, --impacted-strict
  Execution: --where, --providers, --credential-fd, --no-cache, --no-cache-projects, --cache-trust, --continue-on-error, --max-parallel, --resource, --cpu-policy, --retry, --retry-failed, --profile, --dry-run
  Output: --output, --json, --quiet, --color, --no-color
  Advanced: --trace-profile

Related Commands:
  putnami config show

═══ config show ═══
putnami config show

Display the fully merged configuration (global + workspace + local scopes)

Usage:
  putnami config show [--output <format>]

Examples:
  putnami config show
  putnami config show --output=jsonl

Global Options:
  Common: --verbose, --debug, --watch, --plan, --help
  Project Selection: --all, --impacted, --projects, --tag, --exclude-tag, --exclude, --baseline, --impacted-strict
  Execution: --where, --providers, --credential-fd, --no-cache, --no-cache-projects, --cache-trust, --continue-on-error, --max-parallel, --resource, --cpu-policy, --retry, --retry-failed, --profile, --dry-run
  Output: --output, --json, --quiet, --color, --no-color
  Advanced: --trace-profile

Related Commands:
  putnami config set
  putnami workspace describe

═══ contracts check ═══
putnami contracts check

Global Options:
  Common: --verbose, --debug, --watch, --plan, --help
  Project Selection: --all, --impacted, --projects, --tag, --exclude-tag, --exclude, --baseline, --impacted-strict
  Execution: --where, --providers, --credential-fd, --no-cache, --no-cache-projects, --cache-trust, --continue-on-error, --max-parallel, --resource, --cpu-policy, --retry, --retry-failed, --profile, --dry-run
  Output: --output, --json, --quiet, --color, --no-color
  Advanced: --trace-profile

═══ contracts generate ═══
putnami contracts generate

Global Options:
  Common: --verbose, --debug, --watch, --plan, --help
  Project Selection: --all, --impacted, --projects, --tag, --exclude-tag, --exclude, --baseline, --impacted-strict
  Execution: --where, --providers, --credential-fd, --no-cache, --no-cache-projects, --cache-trust, --continue-on-error, --max-parallel, --resource, --cpu-policy, --retry, --retry-failed, --profile, --dry-run
  Output: --output, --json, --quiet, --color, --no-color
  Advanced: --trace-profile

═══ context generate ═══
putnami context generate

Regenerate the Putnami guidance block in CLAUDE.md and AGENTS.md, and the agent skills the workspace declares by in-tree path. Bytes outside the block are never touched; an edited block is preserved and reported, and --force rewrites that block only. No other file is written: run `putnami mcp install` to register the MCP server

Usage:
  putnami context generate [--force]

Command Flags:
  --force                      Rewrite a guidance block that was edited or written by an older release

Examples:
  putnami context generate
  putnami context generate --force

Global Options:
  Common: --verbose, --debug, --watch, --plan, --help
  Project Selection: --all, --impacted, --projects, --tag, --exclude-tag, --exclude, --baseline, --impacted-strict
  Execution: --where, --providers, --credential-fd, --no-cache, --no-cache-projects, --cache-trust, --continue-on-error, --max-parallel, --resource, --cpu-policy, --retry, --retry-failed, --profile, --dry-run
  Output: --output, --json, --quiet, --color, --no-color
  Advanced: --trace-profile

Related Commands:
  putnami extensions install
  putnami workspace init

═══ context map ═══
putnami context map

Regenerate the ephemeral workspace map under .putnami/context-map/ (repo-map.json and repo-map.md) from committed artifacts (project manifests, schema/openapi.json, schema/config.jsonschema.json, READMEs, and the workspace docs tree). Byte-deterministic on an unchanged tree, gitignored, and never committed. --print renders it to stdout and writes nothing. `putnami build` refreshes it automatically outside CI; set PUTNAMI_CONTEXT_MAP=off|write to override. Agents get the same document fresh from the MCP workspace_map tool

Usage:
  putnami context map [--print[=json|md]] [--projects <list>] [--impacted] [--output <format>]

Command Flags:
  --print                      Render the map to stdout (md by default, or json) and write nothing

Examples:
  putnami context map
  putnami context map --print
  putnami context map --print=json
  putnami context map --impacted

Global Options:
  Common: --verbose, --debug, --watch, --plan, --help
  Project Selection: --all, --impacted, --projects, --tag, --exclude-tag, --exclude, --baseline, --impacted-strict
  Execution: --where, --providers, --credential-fd, --no-cache, --no-cache-projects, --cache-trust, --continue-on-error, --max-parallel, --resource, --cpu-policy, --retry, --retry-failed, --profile, --dry-run
  Output: --output, --json, --quiet, --color, --no-color
  Advanced: --trace-profile

Related Commands:
  putnami context generate
  putnami workspace describe

═══ deps install ═══
putnami deps install

Install project dependencies by delegating to extension-provided installers

Usage:
  putnami deps install [--tag <tags>] [--exclude-tag <tags>]

Examples:
  putnami deps install
  putnami deps install --tag go

Global Options:
  Common: --verbose, --debug, --watch, --plan, --help
  Project Selection: --all, --impacted, --projects, --tag, --exclude-tag, --exclude, --baseline, --impacted-strict
  Execution: --where, --providers, --credential-fd, --no-cache, --no-cache-projects, --cache-trust, --continue-on-error, --max-parallel, --resource, --cpu-policy, --retry, --retry-failed, --profile, --dry-run
  Output: --output, --json, --quiet, --color, --no-color
  Advanced: --trace-profile

Related Commands:
  putnami extensions install
  putnami upgrade

═══ dev extension ═══
putnami dev extension

Develop extensions: validate manifests against the protocol

Usage:
  putnami dev extension validate [path]

Examples:
  putnami dev extension validate
  putnami dev extension validate ./my-extension/

Global Options:
  Common: --verbose, --debug, --watch, --plan, --help
  Project Selection: --all, --impacted, --projects, --tag, --exclude-tag, --exclude, --baseline, --impacted-strict
  Execution: --where, --providers, --credential-fd, --no-cache, --no-cache-projects, --cache-trust, --continue-on-error, --max-parallel, --resource, --cpu-policy, --retry, --retry-failed, --profile, --dry-run
  Output: --output, --json, --quiet, --color, --no-color
  Advanced: --trace-profile

Related Commands:
  putnami dev template
  putnami extensions install

═══ dev template ═══
putnami dev template

Develop and package templates: validate manifests, test rendering output, or package for distribution

Usage:
  putnami dev template <validate|test|package> [path] [--skip-build] [--keep] [--version <version>] [--stable]

Command Flags:
  --skip-build                 With test: render the template without running build and test on it
  --keep                       With test: keep the rendered temporary workspace for inspection
  --version <version>          With package: version to stamp on the produced archive
  --stable                     With package: publish under a stable version instead of a prerelease

Examples:
  putnami dev template validate
  putnami dev template validate ./my-template/
  putnami dev template test
  putnami dev template package

Global Options:
  Common: --verbose, --debug, --watch, --plan, --help
  Project Selection: --all, --impacted, --projects, --tag, --exclude-tag, --exclude, --baseline, --impacted-strict
  Execution: --where, --providers, --credential-fd, --no-cache, --no-cache-projects, --cache-trust, --continue-on-error, --max-parallel, --resource, --cpu-policy, --retry, --retry-failed, --profile, --dry-run
  Output: --output, --json, --quiet, --color, --no-color
  Advanced: --trace-profile

Related Commands:
  putnami dev extension
  putnami templates install

═══ extensions install ═══
putnami extensions install

Install extensions from workspace configuration and run extension install hooks

Usage:
  putnami extensions install [name] [--latest] [--user] [--platform <os/arch>] [--dest <dir>] [--output <format>]

Command Flags:
  --latest                     Ignore the lock file and resolve the latest versions
  --user                       Pin one registry extension in the user scope (~/.putnami/user) so its commands run outside any workspace
  --platform <os/arch>         Materialize artifacts for another platform (skips install hooks and the lock write)
  --dest <dir>                 Materialize into this artifact-store root instead of the machine-global one

Examples:
  putnami extensions install
  putnami extensions install --output=jsonl
  putnami extensions install --platform linux/amd64 --dest ./.gen/warm-artifacts
  putnami extensions install --user @acme/audit

Global Options:
  Common: --verbose, --debug, --watch, --plan, --help
  Project Selection: --all, --impacted, --projects, --tag, --exclude-tag, --exclude, --baseline, --impacted-strict
  Execution: --where, --providers, --credential-fd, --no-cache, --no-cache-projects, --cache-trust, --continue-on-error, --max-parallel, --resource, --cpu-policy, --retry, --retry-failed, --profile, --dry-run
  Output: --output, --json, --quiet, --color, --no-color
  Advanced: --trace-profile

Related Commands:
  putnami extensions list
  putnami extensions update
  putnami deps install

═══ extensions list ═══
putnami extensions list

List installed extensions with their jobs and activation files

Usage:
  putnami extensions list [--user] [--output <format>]

Command Flags:
  --user                       List the extensions pinned in the user scope (~/.putnami/user) instead of the workspace

Examples:
  putnami extensions list
  putnami extensions list --output=jsonl
  putnami extensions list --user

Global Options:
  Common: --verbose, --debug, --watch, --plan, --help
  Project Selection: --all, --impacted, --projects, --tag, --exclude-tag, --exclude, --baseline, --impacted-strict
  Execution: --where, --providers, --credential-fd, --no-cache, --no-cache-projects, --cache-trust, --continue-on-error, --max-parallel, --resource, --cpu-policy, --retry, --retry-failed, --profile, --dry-run
  Output: --output, --json, --quiet, --color, --no-color
  Advanced: --trace-profile

Related Commands:
  putnami extensions install
  putnami extensions update
  putnami projects list

═══ extensions remove ═══
putnami extensions remove

Remove an installed extension

Usage:
  putnami extensions remove <name> [--user]

Command Flags:
  --user                       Remove the extension from the user scope (~/.putnami/user) instead of the workspace

Examples:
  putnami extensions remove @putnami/go
  putnami extensions remove @acme/audit --user

Global Options:
  Common: --verbose, --debug, --watch, --plan, --help
  Project Selection: --all, --impacted, --projects, --tag, --exclude-tag, --exclude, --baseline, --impacted-strict
  Execution: --where, --providers, --credential-fd, --no-cache, --no-cache-projects, --cache-trust, --continue-on-error, --max-parallel, --resource, --cpu-policy, --retry, --retry-failed, --profile, --dry-run
  Output: --output, --json, --quiet, --color, --no-color
  Advanced: --trace-profile

Related Commands:
  putnami extensions list
  putnami extensions install

═══ extensions update ═══
putnami extensions update

Update extensions to latest compatible versions

Usage:
  putnami extensions update [name] [--output <format>]

Examples:
  putnami extensions update
  putnami extensions update --output=jsonl

Global Options:
  Common: --verbose, --debug, --watch, --plan, --help
  Project Selection: --all, --impacted, --projects, --tag, --exclude-tag, --exclude, --baseline, --impacted-strict
  Execution: --where, --providers, --credential-fd, --no-cache, --no-cache-projects, --cache-trust, --continue-on-error, --max-parallel, --resource, --cpu-policy, --retry, --retry-failed, --profile, --dry-run
  Output: --output, --json, --quiet, --color, --no-color
  Advanced: --trace-profile

Related Commands:
  putnami extensions install
  putnami extensions list

═══ features diff ═══
putnami features diff

Global Options:
  Common: --verbose, --debug, --watch, --plan, --help
  Project Selection: --all, --impacted, --projects, --tag, --exclude-tag, --exclude, --baseline, --impacted-strict
  Execution: --where, --providers, --credential-fd, --no-cache, --no-cache-projects, --cache-trust, --continue-on-error, --max-parallel, --resource, --cpu-policy, --retry, --retry-failed, --profile, --dry-run
  Output: --output, --json, --quiet, --color, --no-color
  Advanced: --trace-profile

═══ features inspect ═══
putnami features inspect

Global Options:
  Common: --verbose, --debug, --watch, --plan, --help
  Project Selection: --all, --impacted, --projects, --tag, --exclude-tag, --exclude, --baseline, --impacted-strict
  Execution: --where, --providers, --credential-fd, --no-cache, --no-cache-projects, --cache-trust, --continue-on-error, --max-parallel, --resource, --cpu-policy, --retry, --retry-failed, --profile, --dry-run
  Output: --output, --json, --quiet, --color, --no-color
  Advanced: --trace-profile

═══ features snapshot ═══
putnami features snapshot

Global Options:
  Common: --verbose, --debug, --watch, --plan, --help
  Project Selection: --all, --impacted, --projects, --tag, --exclude-tag, --exclude, --baseline, --impacted-strict
  Execution: --where, --providers, --credential-fd, --no-cache, --no-cache-projects, --cache-trust, --continue-on-error, --max-parallel, --resource, --cpu-policy, --retry, --retry-failed, --profile, --dry-run
  Output: --output, --json, --quiet, --color, --no-color
  Advanced: --trace-profile

═══ features validate ═══
putnami features validate

Global Options:
  Common: --verbose, --debug, --watch, --plan, --help
  Project Selection: --all, --impacted, --projects, --tag, --exclude-tag, --exclude, --baseline, --impacted-strict
  Execution: --where, --providers, --credential-fd, --no-cache, --no-cache-projects, --cache-trust, --continue-on-error, --max-parallel, --resource, --cpu-policy, --retry, --retry-failed, --profile, --dry-run
  Output: --output, --json, --quiet, --color, --no-color
  Advanced: --trace-profile

═══ infra plan ═══
putnami infra plan

Show the aggregated infrastructure plan inferred from project descriptors

Usage:
  putnami infra plan [--output <format>]

Examples:
  putnami infra plan
  putnami infra plan --output=jsonl

Global Options:
  Common: --verbose, --debug, --watch, --plan, --help
  Project Selection: --all, --impacted, --projects, --tag, --exclude-tag, --exclude, --baseline, --impacted-strict
  Execution: --where, --providers, --credential-fd, --no-cache, --no-cache-projects, --cache-trust, --continue-on-error, --max-parallel, --resource, --cpu-policy, --retry, --retry-failed, --profile, --dry-run
  Output: --output, --json, --quiet, --color, --no-color
  Advanced: --trace-profile

Related Commands:
  putnami workspace describe
  putnami projects list

═══ mcp install ═══
putnami mcp install

Write the putnami entry into .mcp.json at the workspace root so agent IDEs (Claude Code, Cursor, VS Code) auto-discover the MCP server. init, install and upgrade already add a missing entry; this explicit write is the only one that also rewrites a diverged putnami entry. Merge-aware: other servers and unknown keys are preserved, and an unparseable file is refused untouched.

Usage:
  putnami mcp install

Examples:
  putnami mcp install

Global Options:
  Common: --verbose, --debug, --watch, --plan, --help
  Project Selection: --all, --impacted, --projects, --tag, --exclude-tag, --exclude, --baseline, --impacted-strict
  Execution: --where, --providers, --credential-fd, --no-cache, --no-cache-projects, --cache-trust, --continue-on-error, --max-parallel, --resource, --cpu-policy, --retry, --retry-failed, --profile, --dry-run
  Output: --output, --json, --quiet, --color, --no-color
  Advanced: --trace-profile

Related Commands:
  putnami mcp
  putnami context generate

═══ migrate vnext ═══
putnami migrate vnext

Check or atomically migrate putnami.lock.json to the current format while preserving pins and recording any missing installed extension task-contract metadata

Usage:
  putnami migrate vnext [--check] [--apply] [--output <format>]

Command Flags:
  --check                      Report the pending migration without writing (default); exits non-zero when a migration is needed
  --apply                      Perform the migration, atomically and idempotently

Examples:
  putnami migrate vnext --check
  putnami migrate vnext --check --output=json
  putnami migrate vnext --apply

Global Options:
  Common: --verbose, --debug, --watch, --plan, --help
  Project Selection: --all, --impacted, --projects, --tag, --exclude-tag, --exclude, --baseline, --impacted-strict
  Execution: --where, --providers, --credential-fd, --no-cache, --no-cache-projects, --cache-trust, --continue-on-error, --max-parallel, --resource, --cpu-policy, --retry, --retry-failed, --profile, --dry-run
  Output: --output, --json, --quiet, --color, --no-color
  Advanced: --trace-profile

Related Commands:
  putnami extensions install
  putnami extensions list

═══ projects create ═══
putnami projects create

Create a project from template

Usage:
  putnami projects create <name> --template <template> [--path <path>] [--force]

Command Flags:
  --template <template>        Template to scaffold from
  --path <path>                Workspace-relative project path
  --force                      Overwrite an existing project directory

Examples:
  putnami projects create my-app --template typescript-web
  putnami projects create my-app --template typescript-web --path apps/my-app

Global Options:
  Common: --verbose, --debug, --watch, --plan, --help
  Project Selection: --all, --impacted, --projects, --tag, --exclude-tag, --exclude, --baseline, --impacted-strict
  Execution: --where, --providers, --credential-fd, --no-cache, --no-cache-projects, --cache-trust, --continue-on-error, --max-parallel, --resource, --cpu-policy, --retry, --retry-failed, --profile, --dry-run
  Output: --output, --json, --quiet, --color, --no-color
  Advanced: --trace-profile

Related Commands:
  putnami projects list
  putnami extensions list

═══ projects describe ═══
putnami projects describe

Show detailed project information including dependencies, extensions, and configuration

Usage:
  putnami projects describe <name> [--output <format>]

Examples:
  putnami projects describe my-app
  putnami projects describe my-app --output=jsonl

Global Options:
  Common: --verbose, --debug, --watch, --plan, --help
  Project Selection: --all, --impacted, --projects, --tag, --exclude-tag, --exclude, --baseline, --impacted-strict
  Execution: --where, --providers, --credential-fd, --no-cache, --no-cache-projects, --cache-trust, --continue-on-error, --max-parallel, --resource, --cpu-policy, --retry, --retry-failed, --profile, --dry-run
  Output: --output, --json, --quiet, --color, --no-color
  Advanced: --trace-profile

Related Commands:
  putnami projects list
  putnami config show

═══ projects list ═══
putnami projects list

List every project in the loaded workspace graph with its canonical name, path, type, and tags; use projects describe for dependencies, dependents, extensions, and metadata

Usage:
  putnami projects list [--output <format>]

Examples:
  putnami projects list
  putnami projects list --output=jsonl

Global Options:
  Common: --verbose, --debug, --watch, --plan, --help
  Project Selection: --all, --impacted, --projects, --tag, --exclude-tag, --exclude, --baseline, --impacted-strict
  Execution: --where, --providers, --credential-fd, --no-cache, --no-cache-projects, --cache-trust, --continue-on-error, --max-parallel, --resource, --cpu-policy, --retry, --retry-failed, --profile, --dry-run
  Output: --output, --json, --quiet, --color, --no-color
  Advanced: --trace-profile

Related Commands:
  putnami projects describe
  putnami projects create
  putnami workspace describe

═══ projects sync ═══
putnami projects sync

Sync project references from disk into workspace configuration

Usage:
  putnami projects sync [--prune] [--skip-install] [--dry-run]

Command Flags:
  --prune                      Drop config entries whose project directory no longer exists
  --skip-install               Do not run dependency installation after syncing

Examples:
  putnami projects sync
  putnami projects sync --dry-run

Global Options:
  Common: --verbose, --debug, --watch, --plan, --help
  Project Selection: --all, --impacted, --projects, --tag, --exclude-tag, --exclude, --baseline, --impacted-strict
  Execution: --where, --providers, --credential-fd, --no-cache, --no-cache-projects, --cache-trust, --continue-on-error, --max-parallel, --resource, --cpu-policy, --retry, --retry-failed, --profile, --dry-run
  Output: --output, --json, --quiet, --color, --no-color
  Advanced: --trace-profile

Related Commands:
  putnami projects list
  putnami workspace describe

═══ projects tag ═══
putnami projects tag

Add or manage tags on a project

Usage:
  putnami projects tag <name> <tag> [--set] [--remove]

Command Flags:
  --set                        Replace the project's tags with the given list
  --remove                     Remove the given tags from the project

Examples:
  putnami projects tag my-app frontend

Global Options:
  Common: --verbose, --debug, --watch, --plan, --help
  Project Selection: --all, --impacted, --projects, --tag, --exclude-tag, --exclude, --baseline, --impacted-strict
  Execution: --where, --providers, --credential-fd, --no-cache, --no-cache-projects, --cache-trust, --continue-on-error, --max-parallel, --resource, --cpu-policy, --retry, --retry-failed, --profile, --dry-run
  Output: --output, --json, --quiet, --color, --no-color
  Advanced: --trace-profile

Related Commands:
  putnami projects list
  putnami projects describe

═══ scopes list ═══
putnami scopes list

List workspace scopes with their projects, groups, and tags

Usage:
  putnami scopes list [--output <format>]

Examples:
  putnami scopes list
  putnami scopes list --output=jsonl

Global Options:
  Common: --verbose, --debug, --watch, --plan, --help
  Project Selection: --all, --impacted, --projects, --tag, --exclude-tag, --exclude, --baseline, --impacted-strict
  Execution: --where, --providers, --credential-fd, --no-cache, --no-cache-projects, --cache-trust, --continue-on-error, --max-parallel, --resource, --cpu-policy, --retry, --retry-failed, --profile, --dry-run
  Output: --output, --json, --quiet, --color, --no-color
  Advanced: --trace-profile

Related Commands:
  putnami projects list
  putnami workspace describe

═══ sessions inspect ═══
putnami sessions inspect

Show full details and event stream for a specific session. --run names a remote attempt instead of a session: the attempt reference or submission key printed when a --where remote run was submitted, resolved through the durable attempt records under .putnami/runner/attempts. An attempt whose session is already imported is shown from the local store; one that is not (the CLI died mid-run, the import failed) is resumed through the workspace's runner provider from the persisted cursor and imported through the same path, and nothing is ever resubmitted. Ctrl-C during a resumed follow cancels the attempt within bounded time

Usage:
  putnami sessions inspect [<id>] [--run <ref>] [--output <format>]

Command Flags:
  --run <ref>                  Inspect the session of a remote attempt by its attempt reference or submission key, resuming the attempt first when it was never imported

Examples:
  putnami sessions inspect abc123
  putnami sessions inspect latest
  putnami sessions inspect --run fixture-attempt-42

Global Options:
  Common: --verbose, --debug, --watch, --plan, --help
  Project Selection: --all, --impacted, --projects, --tag, --exclude-tag, --exclude, --baseline, --impacted-strict
  Execution: --where, --providers, --credential-fd, --no-cache, --no-cache-projects, --cache-trust, --continue-on-error, --max-parallel, --resource, --cpu-policy, --retry, --retry-failed, --profile, --dry-run
  Output: --output, --json, --quiet, --color, --no-color
  Advanced: --trace-profile

Related Commands:
  putnami sessions list

═══ sessions list ═══
putnami sessions list

Show recent execution sessions with timing and status. --revision keeps the sessions whose recorded tree sat on the named commit (a lowercase hex prefix of its id, 7 to 64 characters) and adds the head commit and the actual placement to each row, so a new session can find what judged a given revision; a session that recorded no tree never matches. --output=jsonl rows carry revision and placement when the record states them

Usage:
  putnami sessions list [--revision <sha>] [--output <format>]

Command Flags:
  --revision <sha>             Keep only sessions whose recorded tree sat on this commit; a lowercase hex prefix of the commit id, never a ref name

Examples:
  putnami sessions list
  putnami sessions list --revision 7194fc3537
  putnami sessions list --output=jsonl

Global Options:
  Common: --verbose, --debug, --watch, --plan, --help
  Project Selection: --all, --impacted, --projects, --tag, --exclude-tag, --exclude, --baseline, --impacted-strict
  Execution: --where, --providers, --credential-fd, --no-cache, --no-cache-projects, --cache-trust, --continue-on-error, --max-parallel, --resource, --cpu-policy, --retry, --retry-failed, --profile, --dry-run
  Output: --output, --json, --quiet, --color, --no-color
  Advanced: --trace-profile

Related Commands:
  putnami sessions inspect

═══ sessions replay ═══
putnami sessions replay

Replay retained session artifacts through each explicitly selected reporter extension (session-reporter, log-reporter) that has not delivered them. Each resumes from its own acknowledgement cursor with fresh reporter credentials, without running graph work. Incomplete delivery returns an error and keeps the bounded checkpoint for another replay

Usage:
  putnami sessions replay --session <id>

Command Flags:
  --session <id>               Exact retained session id; latest is not accepted

Examples:
  putnami sessions replay --session 20260914-120000-abc123

Global Options:
  Common: --verbose, --debug, --watch, --plan, --help
  Project Selection: --all, --impacted, --projects, --tag, --exclude-tag, --exclude, --baseline, --impacted-strict
  Execution: --where, --providers, --credential-fd, --no-cache, --no-cache-projects, --cache-trust, --continue-on-error, --max-parallel, --resource, --cpu-policy, --retry, --retry-failed, --profile, --dry-run
  Output: --output, --json, --quiet, --color, --no-color
  Advanced: --trace-profile

Related Commands:
  putnami sessions inspect
  putnami sessions export

═══ specs init ═══
putnami specs init

Global Options:
  Common: --verbose, --debug, --watch, --plan, --help
  Project Selection: --all, --impacted, --projects, --tag, --exclude-tag, --exclude, --baseline, --impacted-strict
  Execution: --where, --providers, --credential-fd, --no-cache, --no-cache-projects, --cache-trust, --continue-on-error, --max-parallel, --resource, --cpu-policy, --retry, --retry-failed, --profile, --dry-run
  Output: --output, --json, --quiet, --color, --no-color
  Advanced: --trace-profile

═══ specs inspect ═══
putnami specs inspect

Global Options:
  Common: --verbose, --debug, --watch, --plan, --help
  Project Selection: --all, --impacted, --projects, --tag, --exclude-tag, --exclude, --baseline, --impacted-strict
  Execution: --where, --providers, --credential-fd, --no-cache, --no-cache-projects, --cache-trust, --continue-on-error, --max-parallel, --resource, --cpu-policy, --retry, --retry-failed, --profile, --dry-run
  Output: --output, --json, --quiet, --color, --no-color
  Advanced: --trace-profile

═══ specs list ═══
putnami specs list

Global Options:
  Common: --verbose, --debug, --watch, --plan, --help
  Project Selection: --all, --impacted, --projects, --tag, --exclude-tag, --exclude, --baseline, --impacted-strict
  Execution: --where, --providers, --credential-fd, --no-cache, --no-cache-projects, --cache-trust, --continue-on-error, --max-parallel, --resource, --cpu-policy, --retry, --retry-failed, --profile, --dry-run
  Output: --output, --json, --quiet, --color, --no-color
  Advanced: --trace-profile

═══ specs validate ═══
putnami specs validate

Global Options:
  Common: --verbose, --debug, --watch, --plan, --help
  Project Selection: --all, --impacted, --projects, --tag, --exclude-tag, --exclude, --baseline, --impacted-strict
  Execution: --where, --providers, --credential-fd, --no-cache, --no-cache-projects, --cache-trust, --continue-on-error, --max-parallel, --resource, --cpu-policy, --retry, --retry-failed, --profile, --dry-run
  Output: --output, --json, --quiet, --color, --no-color
  Advanced: --trace-profile

═══ telemetry off ═══
putnami telemetry off

Disable anonymous usage telemetry

Usage:
  putnami telemetry off

Global Options:
  Common: --verbose, --debug, --watch, --plan, --help
  Project Selection: --all, --impacted, --projects, --tag, --exclude-tag, --exclude, --baseline, --impacted-strict
  Execution: --where, --providers, --credential-fd, --no-cache, --no-cache-projects, --cache-trust, --continue-on-error, --max-parallel, --resource, --cpu-policy, --retry, --retry-failed, --profile, --dry-run
  Output: --output, --json, --quiet, --color, --no-color
  Advanced: --trace-profile

Related Commands:
  putnami telemetry on
  putnami telemetry status

═══ telemetry on ═══
putnami telemetry on

Enable anonymous usage telemetry

Usage:
  putnami telemetry on

Global Options:
  Common: --verbose, --debug, --watch, --plan, --help
  Project Selection: --all, --impacted, --projects, --tag, --exclude-tag, --exclude, --baseline, --impacted-strict
  Execution: --where, --providers, --credential-fd, --no-cache, --no-cache-projects, --cache-trust, --continue-on-error, --max-parallel, --resource, --cpu-policy, --retry, --retry-failed, --profile, --dry-run
  Output: --output, --json, --quiet, --color, --no-color
  Advanced: --trace-profile

Related Commands:
  putnami telemetry off
  putnami telemetry status

═══ telemetry show ═══
putnami telemetry show

View buffered telemetry events pending flush

Usage:
  putnami telemetry show [--output <format>]

Global Options:
  Common: --verbose, --debug, --watch, --plan, --help
  Project Selection: --all, --impacted, --projects, --tag, --exclude-tag, --exclude, --baseline, --impacted-strict
  Execution: --where, --providers, --credential-fd, --no-cache, --no-cache-projects, --cache-trust, --continue-on-error, --max-parallel, --resource, --cpu-policy, --retry, --retry-failed, --profile, --dry-run
  Output: --output, --json, --quiet, --color, --no-color
  Advanced: --trace-profile

Related Commands:
  putnami telemetry status

═══ telemetry status ═══
putnami telemetry status

Check current telemetry settings

Usage:
  putnami telemetry status

Global Options:
  Common: --verbose, --debug, --watch, --plan, --help
  Project Selection: --all, --impacted, --projects, --tag, --exclude-tag, --exclude, --baseline, --impacted-strict
  Execution: --where, --providers, --credential-fd, --no-cache, --no-cache-projects, --cache-trust, --continue-on-error, --max-parallel, --resource, --cpu-policy, --retry, --retry-failed, --profile, --dry-run
  Output: --output, --json, --quiet, --color, --no-color
  Advanced: --trace-profile

Related Commands:
  putnami telemetry on
  putnami telemetry off
  putnami telemetry show

═══ templates install ═══
putnami templates install

Install templates from workspace configuration

Usage:
  putnami templates install [name] [--latest] [--output <format>]

Command Flags:
  --latest                     Ignore the lock file and resolve the latest versions

Examples:
  putnami templates install
  putnami templates install go-server
  putnami templates install --output=jsonl

Global Options:
  Common: --verbose, --debug, --watch, --plan, --help
  Project Selection: --all, --impacted, --projects, --tag, --exclude-tag, --exclude, --baseline, --impacted-strict
  Execution: --where, --providers, --credential-fd, --no-cache, --no-cache-projects, --cache-trust, --continue-on-error, --max-parallel, --resource, --cpu-policy, --retry, --retry-failed, --profile, --dry-run
  Output: --output, --json, --quiet, --color, --no-color
  Advanced: --trace-profile

Related Commands:
  putnami templates list
  putnami templates update
  putnami deps install

═══ templates list ═══
putnami templates list

List configured and discovered templates

Usage:
  putnami templates list [--output <format>]

Examples:
  putnami templates list
  putnami templates list --output=jsonl

Global Options:
  Common: --verbose, --debug, --watch, --plan, --help
  Project Selection: --all, --impacted, --projects, --tag, --exclude-tag, --exclude, --baseline, --impacted-strict
  Execution: --where, --providers, --credential-fd, --no-cache, --no-cache-projects, --cache-trust, --continue-on-error, --max-parallel, --resource, --cpu-policy, --retry, --retry-failed, --profile, --dry-run
  Output: --output, --json, --quiet, --color, --no-color
  Advanced: --trace-profile

Related Commands:
  putnami templates install
  putnami templates update

═══ templates remove ═══
putnami templates remove

Remove an installed template

Usage:
  putnami templates remove <name>

Examples:
  putnami templates remove go-server

Global Options:
  Common: --verbose, --debug, --watch, --plan, --help
  Project Selection: --all, --impacted, --projects, --tag, --exclude-tag, --exclude, --baseline, --impacted-strict
  Execution: --where, --providers, --credential-fd, --no-cache, --no-cache-projects, --cache-trust, --continue-on-error, --max-parallel, --resource, --cpu-policy, --retry, --retry-failed, --profile, --dry-run
  Output: --output, --json, --quiet, --color, --no-color
  Advanced: --trace-profile

Related Commands:
  putnami templates list
  putnami templates install

═══ templates update ═══
putnami templates update

Update templates to latest compatible versions

Usage:
  putnami templates update [name] [--output <format>]

Examples:
  putnami templates update
  putnami templates update --output=jsonl

Global Options:
  Common: --verbose, --debug, --watch, --plan, --help
  Project Selection: --all, --impacted, --projects, --tag, --exclude-tag, --exclude, --baseline, --impacted-strict
  Execution: --where, --providers, --credential-fd, --no-cache, --no-cache-projects, --cache-trust, --continue-on-error, --max-parallel, --resource, --cpu-policy, --retry, --retry-failed, --profile, --dry-run
  Output: --output, --json, --quiet, --color, --no-color
  Advanced: --trace-profile

Related Commands:
  putnami templates install
  putnami templates list

═══ version get ═══
putnami version get

Show the version every version line is at, derived from its git tags

Usage:
  putnami version get [--scope <line>] [--output <format>]

Command Flags:
  --scope <line>               Report only this version line, by its scope path

Examples:
  putnami version get
  putnami version get --scope typescript
  putnami version get --output=jsonl

Global Options:
  Common: --verbose, --debug, --watch, --plan, --help
  Project Selection: --all, --impacted, --projects, --tag, --exclude-tag, --exclude, --baseline, --impacted-strict
  Execution: --where, --providers, --credential-fd, --no-cache, --no-cache-projects, --cache-trust, --continue-on-error, --max-parallel, --resource, --cpu-policy, --retry, --retry-failed, --profile, --dry-run
  Output: --output, --json, --quiet, --color, --no-color
  Advanced: --trace-profile

═══ version list ═══
putnami version list

List the installed putnami CLI binaries in .putnami/bin (or ~/.putnami/bin with --global) and mark the active one

Usage:
  putnami version list [--global]

Command Flags:
  --global                     List binaries in ~/.putnami/bin instead of the workspace (alias: -g)

Examples:
  putnami version list
  putnami version list --global

Global Options:
  Common: --verbose, --debug, --watch, --plan, --help
  Project Selection: --all, --impacted, --projects, --tag, --exclude-tag, --exclude, --baseline, --impacted-strict
  Execution: --where, --providers, --credential-fd, --no-cache, --no-cache-projects, --cache-trust, --continue-on-error, --max-parallel, --resource, --cpu-policy, --retry, --retry-failed, --profile, --dry-run
  Output: --output, --json, --quiet, --color, --no-color
  Advanced: --trace-profile

═══ version tag ═══
putnami version tag

Release a version line: regenerate its changelog, create the release commit, then the annotated tag on it

Usage:
  putnami version tag [<tag>] [--scope <line>] [--push] [--dry-run] [--yes]

Command Flags:
  --scope <line>               The version line to release, by its scope path (required when the workspace declares several)
  --push                       Push the release commit and the tag to origin
  --dry-run                    Print the proposed tag and changelog without writing anything
  --yes                        Skip the confirmation and create the release commit and tag

Examples:
  putnami version tag --scope typescript --dry-run
  putnami version tag --scope tooling --yes --push
  putnami version tag tooling/v0.3.0 --scope tooling --yes

Global Options:
  Common: --verbose, --debug, --watch, --plan, --help
  Project Selection: --all, --impacted, --projects, --tag, --exclude-tag, --exclude, --baseline, --impacted-strict
  Execution: --where, --providers, --credential-fd, --no-cache, --no-cache-projects, --cache-trust, --continue-on-error, --max-parallel, --resource, --cpu-policy, --retry, --retry-failed, --profile, --dry-run
  Output: --output, --json, --quiet, --color, --no-color
  Advanced: --trace-profile

═══ version use ═══
putnami version use

Switch the active putnami CLI binary to an installed putnami-<name> (e.g. one built by `upgrade --from-source`)

Usage:
  putnami version use <name> [--global]

Command Flags:
  --global                     Switch the binary in ~/.putnami/bin instead of the workspace (alias: -g)

Examples:
  putnami version use go-dev
  putnami version use go-source-1a2b3c4 --global

Global Options:
  Common: --verbose, --debug, --watch, --plan, --help
  Project Selection: --all, --impacted, --projects, --tag, --exclude-tag, --exclude, --baseline, --impacted-strict
  Execution: --where, --providers, --credential-fd, --no-cache, --no-cache-projects, --cache-trust, --continue-on-error, --max-parallel, --resource, --cpu-policy, --retry, --retry-failed, --profile, --dry-run
  Output: --output, --json, --quiet, --color, --no-color
  Advanced: --trace-profile

═══ workspace describe ═══
putnami workspace describe

Confirm the active workspace and show its name, version, project count, extension count, and configuration summary before selecting work

Usage:
  putnami workspace describe [--output <format>]

Examples:
  putnami workspace describe
  putnami workspace describe --output=jsonl

Global Options:
  Common: --verbose, --debug, --watch, --plan, --help
  Project Selection: --all, --impacted, --projects, --tag, --exclude-tag, --exclude, --baseline, --impacted-strict
  Execution: --where, --providers, --credential-fd, --no-cache, --no-cache-projects, --cache-trust, --continue-on-error, --max-parallel, --resource, --cpu-policy, --retry, --retry-failed, --profile, --dry-run
  Output: --output, --json, --quiet, --color, --no-color
  Advanced: --trace-profile

Related Commands:
  putnami projects list
  putnami extensions list
  putnami config show

═══ workspace init ═══
putnami workspace init

Initialize a new workspace

Usage:
  putnami init [--workspace <name>] [--extension <ts|go|py>] [--project <name>] [--project-path <path>] [--channel <channel>] [--force]

Command Flags:
  --workspace <name>           Workspace name override
  --extension <ts|go|py>       Default extension to install
  --project <name>             Create an initial project
  --project-path <path>        Workspace-relative path for the initial project
  --channel <channel>          Resolve the extensions, the template and the starter dependencies on one release channel (default: PUTNAMI_CHANNEL, then the channel the CLI was installed from, then latest)
  --force                      Reinitialize an existing workspace

Examples:
  putnami init
  putnami init --project my-app
  putnami init --project my-app --project-path apps/my-app
  putnami init --project my-app --channel canary

Global Options:
  Common: --verbose, --debug, --watch, --plan, --help
  Project Selection: --all, --impacted, --projects, --tag, --exclude-tag, --exclude, --baseline, --impacted-strict
  Execution: --where, --providers, --credential-fd, --no-cache, --no-cache-projects, --cache-trust, --continue-on-error, --max-parallel, --resource, --cpu-policy, --retry, --retry-failed, --profile, --dry-run
  Output: --output, --json, --quiet, --color, --no-color
  Advanced: --trace-profile

Related Commands:
  putnami extensions install
  putnami deps install
  putnami context generate

